target/barrie/pg16.cover.jpg: 50
target/barrie/pg16.txt: c6
target/carroll/pg11.cover.jpg: 27
target/carroll/pg11.txt: 1e
target/carroll/pg12.cover.jpg: 08
target/carroll/pg12.txt: 46
target/carroll/pg13.cover.jpg: 68
target/carroll/pg13.txt: da
target/carroll/pg28696.cover.jpg: 7d
target/carroll/pg28696.txt: 45
target/fielding/pg6593.cover.jpg: 24
target/fielding/pg6593.txt: b1
target/marlowe/pg779.cover.jpg: 18
target/marlowe/pg779.txt: ae
target/pascal/pg18269.cover.jpg: 57
target/pascal/pg18269.txt: e6
